// Vitest Snapshot v1, https://vitest.dev/guide/snapshot.html

exports[`YOLOBANNER 1`] = `
" __   _____  _     ___                                 
 \\ \\ / / _ \\| |   / _ \\ _                              
  \\ V / | | | |  | | | (_)                             
   | || |_| | |__| |_| |_                              
  _|_|_\\___/|_____\\___/(_)        __         _     _ _ 
 | | | | ___| | | ___   \\ \\      / /__  _ __| | __| | |
 | |_| |/ _ \\ | |/ _ \\   \\ \\ /\\ / / _ \\| '__| |/ _\` | |
 |  _  |  __/ | | (_) |   \\ V  V / (_) | |  | | (_| |_|
 |_| |_|\\___|_|_|\\___/     \\_/\\_/ \\___/|_|  |_|\\__,_(_)
                                                       "
`;
